/*
 *	aegis - project change supervisor
 *	Copyright (C) 1997, 1998 Peter Miller;
 *	All rights reserved.
 *
 *	This program is free software; you can redistribute it and/or modify
 *	it under the terms of the GNU General Public License as published by
 *	the Free Software Foundation; either version 2 of the License, or
 *	(at your option) any later version.
 *
 *	This program is distributed in the hope that it will be useful,
 *	but WITHOUT ANY WARRANTY; without even the implied warranty of
 *	MERCHANTABILITY or FITNESS FOR A PARTICULAR PURPOSE.  See the
 *	GNU General Public License for more details.
 *
 *	You should have received a copy of the GNU General Public License
 *	along with this program; if not, write to the Free Software
 *	Foundation, Inc., 59 Temple Place, Suite 330, Boston, MA 02111, USA.
 *
 * MANIFEST: file menu page
 */

auto script_name;
script_name = getenv("SCRIPT_NAME");
if (script_name == "")
	script_name = "http://localhost/cgi-bin/aegis.cgi";

auto fn;
if (count(arg))
	fn = arg[0];
else
	fn = "config";

columns({width = 1000;});
print("Content-Type: text/html");
print("");
print("<html><head><title>");
print("File Menu");
print("</title></head><body><h1><center>");
print("Project ``" ## quote_html(project_name()) ## "'',");
if (change_number_set())
	print("Change " ## change_number() ## ",");
print("<br>File ``" ## quote_html(fn) ## "''");
print("</center></h1>");
print("<dl>");

print("<dt>");
auto href;
href = script_name ## "?file@file_activ+" ## quote_url(fn);
href ##= "+project@" ## quote_url(project_name());
print("<a href=\"" ## href ## "\">File Activity</a>");
print("<dd>");
print("This item will provide you with a listing of changes which are");
print("actively modifying this file.  The list includes who is working");
print("on the changes, and a brief description of each change.  Where a");
print("file is common to more than one change, all changes are listed");
print("against the file.");

print("<dt>");
href = script_name ## "?file@file_cflct+" ## quote_url(fn);
href ##= "+project@" ## quote_url(project_name());
print("<a href=\"" ## href ## "\">File Conflict</a>");
print("<dd>");
print("This item will provide you with a listing of changes which are");
print("actively modifying this file <b>if</b> more than <i>one</i>");
print("change is modifying the file.");

href = script_name ## "?file@file_hstry+" ## quote_url(fn);
href ##= "+project@" ## quote_url(project_name());
print("<dt><a href=\"" ## href ## "\">");
print("File History");
print("</a><dd>");
print("This item will provide you with a listing of all completed");
print("changes which affected this file in the past.  This report");
print("can take a long time to generate.");

print("<dt>");
href = script_name ## "?file@pre+" ## quote_url(fn);
href ##= "+project@" ## quote_url(project_name());
print("<a href=\"" ## href ## "\">Baseline</a>");
print("<dd>");
print("This item will show you the contents of the file in the project");
print("baseline, the current master version.");

if (change_number_set())
{
	print("<dt>");
	href = script_name ## "?file@pre+" ## quote_url(fn);
	href ##= "+project@" ## quote_url(project_name());
	href ##= "+change@" ## change_number();
	print("<a href=\"" ## href ## "\">Change " ##
		change_number() ## "</a>");
	print("<dd>");
	print("This item will show you the contents of the file");
	print("in change " ## change_number() ## ".");
}

print("</dl>");
print("<hr>");
print("This page was generated " ## now() ## ".");
print("</body></html>");
